C51 COMPILER V9.01   MAIN                                                                  05/26/2020 11:40:25 PAGE 1   


C51 COMPILER V9.01, COMPILATION OF MODULE MAIN
OBJECT MODULE PLACED IN main.OBJ
COMPILER INVOKED BY: D:\keil\download\C51\BIN\C51.EXE main.c BROWSE DEBUG OBJECTEXTEND

line level    source

   1          #include "reg52.h"
   2          #include "intrins.h"
   3          typedef unsigned char u8;
   4          typedef unsigned int u16;
   5          
   6          #define led P2
   7          
   8          void delay(u16 i){        //i==1,10Œ¢√Î
   9   1              while(i--);
  10   1      }
  11          
  12          void main(){
  13   1              u8 i=0;
  14   1              led=0xfe;       //1111 1110
  15   1              delay(50000);
  16   1              while(1){
  17   2                      for(i=0;i<7;i++){
  18   3                              led=_crol_(led,1);                //0xfe 1111 1101
  19   3                              delay(50000);
  20   3                      }
  21   2                      for(i=0;i<7;i++){
  22   3                              led=_cror_(led,1);               
  23   3                              delay(50000);
  24   3                      }
  25   2                      //led=0xfe;
  26   2              }
  27   1      }


MODULE INFORMATION:   STATIC OVERLAYABLE
   CODE SIZE        =     70    ----
   CONSTANT SIZE    =   ----    ----
   XDATA SIZE       =   ----    ----
   PDATA SIZE       =   ----    ----
   DATA SIZE        =   ----    ----
   IDATA SIZE       =   ----    ----
   BIT SIZE         =   ----    ----
END OF MODULE INFORMATION.


C51 COMPILATION COMPLETE.  0 WARNING(S),  0 ERROR(S)
